BD
SET_METRIC
C
BEGIN_EINRICHTEPLAN_INFO
C
ZA,MM,29
MM,AT,1, 10,1,1,,'Maschine' ,,,T
MM,AT,1, 20,1,1,,'Typ' ,,,Z
MM,AT,1, 30,1,1,,'Steuerung' ,,,T
MM,AT,1, 40,1,1,,'Variante' ,,,Z
MM,AT,1, 50,1,1,,'Firma' ,,,T
MM,AT,1, 60,1,1,,'Programmnummer' ,,,T
MM,AT,1, 70,1,1,,'Bearbeiter' ,,,T
MM,AT,1, 80,1,1,,'Datum' ,,,T
MM,AT,1, 90,1,1,,'Auftragsname' ,,,T
MM,AT,1, 100,1,1,,'Anzahl der Programmdurchlaeufe' ,,,Z
MM,AT,1, 110,1,1,,'Tafelname' ,,,T
MM,AT,1, 120,1,1,,'Speicherbedarf' ,,,Z
MM,AT,1, 130,1,1,,'Material-ID' ,,,T
MM,AT,1, 140,1,1,,'Tafelgewicht' ,,'kg',Z
MM,AT,1, 150,1,1,,'Maschinenzeit' ,,'min',Z
MM,AT,1, 160,1,1,,'Bemerkung' ,,,T
MM,AT,1, 170,1,1,,'Flag Automatisiert' ,,'Bool',Z
MM,AT,1, 180,1,1,,'Flag ToPsxxx-Programm' ,,'Bool',Z
MM,AT,1, 190,1,1,,'Einrichteplanfilename' ,,,T
MM,AT,1, 200,1,1,,'Lagergutbezeichnung' ,,,T
MM,AT,1, 210,1,1,,'Palettierungsflag' ,,'Bool',Z
MM,AT,1, 220,1,1,,'Palettierungmodus' ,,,Z
MM,AT,1, 230,1,1,,'Palette putzen' ,,'Bool',Z
MM,AT,1, 240,1,1,,'Sauger putzen' ,,'Bool',Z
MM,AT,1, 250,1,1,,'SystemPalletType' ,,,T
MM,AT,1, 260,1,1,,'Bearbeitungszeit PierceLine' ,,'min',Z
MM,AT,1, 270,1,1,,'Schneidlänge' ,,'mm',Z
MM,AT,1, 280,1,1,,'viewer name machine' ,,,T
MM,AT,1, 350,1,1,,'ProgrammingSystemSignature' ,,,T
C
ZA,DA,1
DA,L20,,,'Sin 840D',1,'Trumpf','170260401_1','User','17.02.2026'

* '170260401_1',1,'X:\TRUMPF\2D\Blacha #4\170260401\170260401_1.LST'
* 1642,'St37-45',141.30,1.28,1,0,1,
* 'X:\TRUMPF\2D\Blacha #4\170260401\170260401_1.HTML',
* 'ST000400----3000x1500',0,1,1,1,'',1.26,1958.00,
* 'TruLaser 3030 (L20)','TruTops Laser V17.04.00 B97 0.0.0.0'
  C
  ENDE_EINRICHTEPLAN_INFO
  C
  BEGIN_PROGRAM_PROPERTIES
  C
  ZA,MM,6
  MM,AT,1, 10,1,1,,'Sync Data Change Pierce To Cut' ,,,Z
  MM,AT,1, 20,1,1,,'ProgramType' ,,,Z
  MM,AT,1, 80,1,1,,'FluidSprayMode' ,,,Z
  MM,AT,1, 120,1,1,,'MarkingLaserTechnologyName' ,,,T
  MM,AT,1, 130,1,1,,'LabelEncodingTypes' ,,,Z
  MM,AT,1, 140,1,1,,'CodeSignature' ,,,T
  C
  ZA,DA,1
DA,0,3,0,'ST045MDO-N2SO-30-2',0,'CodeSignature_NONE'
C
ENDE_PROGRAM_PROPERTIES
C
BEGIN_SHEET_TECH
C
ZA,MM,14
MM,AT,1, 10,1,1,,'Tabellenidentifikator' ,,,T
MM,AT,1, 20,1,1,,'Blechmass X' ,,'mm',Z
MM,AT,1, 30,1,1,,'Blechmass Y' ,,'mm',Z
MM,AT,1, 40,1,1,,'Blechmass Z' ,,'mm',Z
MM,AT,1, 200,1,1,,'TRUMPF-Kennung' ,,,Z
MM,AT,1, 220,1,1,,'Blechmass X real' ,,'mm',Z
MM,AT,1, 230,1,1,,'Blechmass Y real' ,,'mm',Z
MM,AT,1, 240,1,1,,'Materialkennung' ,,,T
MM,AT,1, 260,1,1,,'Werkstoffdichte' ,,'kg/dm3',Z
MM,AT,1, 280,1,1,,'Dynamikstufe' ,,,Z
MM,AT,1, 290,1,1,,'Werkstoffkennung' ,,,T
MM,AT,1, 370,1,1,,'AdvancedEvaporateSwitch' ,,,Z
MM,AT,1, 380,1,1,,'AdvancedEvaporateCircleRadius' ,,'mm',Z
MM,AT,1, 390,1,1,,'Surface Optical Reflection Property' ,,,Z
C
ZA,DA,1
DA,'SHT-1',3000.00,1500.00,4.50,1,3000.00,1500.00,'St37-40',7.850,0.0,

* '1.0038',0,0.00,2
  C
  ENDE_SHEET_TECH
  C
  BEGIN_MACHINE_LOAD_DATA
  C
  ZA,MM,9
  MM,AT,1, 10,1,1,,'Load Name' ,,,T
  MM,AT,1, 50,1,1,,'Loading Type' ,,,Z
  MM,AT,1, 60,1,1,,'Calibration Active' ,,'Bool',Z
  MM,AT,1, 100,1,1,,'Pallet Changer Type' ,,,Z
  MM,AT,1, 110,1,1,,'Sheet Stop' ,,,Z
MM,AT,1, 120,1,1,,'Measure Sheet Position' ,,,Z
MM,AT,1, 130,1,1,,'Measuring Range X' ,,'mm',Z
MM,AT,1, 140,1,1,,'Measuring Range Y' ,,'mm',Z
MM,AT,1, 150,1,1,,'Measuring Corner' ,,,Z
C
ZA,DA,1
DA,'SHL-1',1,1,1,1,0,50.00,50.00,1
C
ENDE_MACHINE_LOAD_DATA
C
BEGIN_LTT_STAMM
C
ZA,MM,247
MM,AT,1, 10,1,1,,'Tabellenidentifikator' ,,,T
MM,AT,1, 20,1,1,,'Bearbeiter' ,,,T
MM,AT,1, 30,1,1,,'Erstellungsdatum' ,,,T
MM,AT,1, 40,1,1,,'letzte Aenderung' ,,,T
MM,AT,1, 50,1,1,,'Bemerkung' ,,,T
MM,AT,1, 60,1,1,,'Einblendstatus' ,,,Z
MM,AT,1, 70,1,1,,'Erstellungs-Einheit' ,,,Z
MM,AT,1, 80,1,1,,'Maschinentyp' ,,,T
MM,AT,1, 90,1,1,,'Lasernennleistung' ,,'W',Z
MM,AT,1, 100,1,1,,'Material' ,,,T
MM,AT,1, 110,1,1,,'Materialdicke' ,,'mm',Z
MM,AT,1, 120,1,1,,'Linsenbrennweite' ,,'in',Z
MM,AT,1, 130,1,1,,'Duesentyp Duesendurchmesser' ,,,T
MM,AT,1, 140,1,1,,'Schneidkopfnummer' ,,,Z
MM,AT,1, 150,1,1,,'Gasspuelen Schneiden-Einst' ,,'s',Z
MM,AT,1, 160,1,1,,'Gasspuelen Einst-Schneiden' ,,'s',Z
MM,AT,1, 170,1,1,,'SCHN Einstellmass' ,,'mm',Z
MM,AT,1, 180,1,1,,'SCHN red. Beschleunigung' ,,'m/s2',Z
MM,AT,1, 190,1,1,,'SCHN Beschleunigung' ,,'m/s2',Z
MM,AT,1, 200,1,1,,'SCHN Eckenkuehlzeit' ,,'s',Z
MM,AT,1, 210,1,1,,'SCHN V-Red AnschnittDickblech' ,,'%',Z
MM,AT,1, 220,1,1,,'SCHN Gasart Schneiden' ,,,Z
MM,AT,1, 230,1,1,,'SCHN Gasart red. Schneiden' ,,,Z
