BD
SET_METRIC
C
BEGIN_EINRICHTEPLAN_INFO
C
ZA,MM,29
MM,AT,1, 10,1,1,,'Maschine' ,,,T
MM,AT,1, 20,1,1,,'Typ' ,,,Z
MM,AT,1, 30,1,1,,'Steuerung' ,,,T
MM,AT,1, 40,1,1,,'Variante' ,,,Z
MM,AT,1, 50,1,1,,'Firma' ,,,T
MM,AT,1, 60,1,1,,'Programmnummer' ,,,T
MM,AT,1, 70,1,1,,'Bearbeiter' ,,,T
MM,AT,1, 80,1,1,,'Datum' ,,,T
MM,AT,1, 90,1,1,,'Auftragsname' ,,,T
MM,AT,1, 100,1,1,,'Anzahl der Programmdurchlaeufe' ,,,Z
MM,AT,1, 110,1,1,,'Tafelname' ,,,T
MM,AT,1, 120,1,1,,'Speicherbedarf' ,,,Z
MM,AT,1, 130,1,1,,'Material-ID' ,,,T
MM,AT,1, 140,1,1,,'Tafelgewicht' ,,'kg',Z
MM,AT,1, 150,1,1,,'Maschinenzeit' ,,'min',Z
MM,AT,1, 160,1,1,,'Bemerkung' ,,,T
MM,AT,1, 170,1,1,,'Flag Automatisiert' ,,'Bool',Z
MM,AT,1, 180,1,1,,'Flag ToPsxxx-Programm' ,,'Bool',Z
MM,AT,1, 190,1,1,,'Einrichteplanfilename' ,,,T
MM,AT,1, 200,1,1,,'Lagergutbezeichnung' ,,,T
MM,AT,1, 210,1,1,,'Palettierungsflag' ,,'Bool',Z
MM,AT,1, 220,1,1,,'Palettierungmodus' ,,,Z
MM,AT,1, 230,1,1,,'Palette putzen' ,,'Bool',Z
MM,AT,1, 240,1,1,,'Sauger putzen' ,,'Bool',Z
MM,AT,1, 250,1,1,,'SystemPalletType' ,,,T
MM,AT,1, 260,1,1,,'Bearbeitungszeit PierceLine' ,,'min',Z
MM,AT,1, 270,1,1,,'Schneidlänge' ,,'mm',Z
MM,AT,1, 280,1,1,,'viewer name machine' ,,,T
MM,AT,1, 350,1,1,,'ProgrammingSystemSignature' ,,,T
C
ZA,DA,1
DA,L20,,,'Sin 840D',1,'Trumpf','{PROGRAM_NAME}','User','{DATE}'
C
ENDE_EINRICHTEPLAN_INFO
C
BEGIN_PROGRAM_PROPERTIES
C
ZA,MM,6
MM,AT,1, 10,1,1,,'Sync Data Change Pierce To Cut' ,,,Z
MM,AT,1, 20,1,1,,'ProgramType' ,,,Z
MM,AT,1, 80,1,1,,'FluidSprayMode' ,,,Z
MM,AT,1, 120,1,1,,'MarkingLaserTechnologyName' ,,,T
MM,AT,1, 130,1,1,,'LabelEncodingTypes' ,,,Z
MM,AT,1, 140,1,1,,'CodeSignature' ,,,T
C
ZA,DA,1
DA,0,3,0,'{TECH_TABLE}',0,'CodeSignature_NONE'
C
ENDE_PROGRAM_PROPERTIES
C
BEGIN_SHEET_TECH
C
ZA,MM,14
MM,AT,1, 10,1,1,,'Tabellenidentifikator' ,,,T
MM,AT,1, 20,1,1,,'Blechmass X' ,,'mm',Z
MM,AT,1, 30,1,1,,'Blechmass Y' ,,'mm',Z
MM,AT,1, 40,1,1,,'Blechmass Z' ,,'mm',Z
C
ZA,DA,1
DA,'SHT-1',3000.00,1500.00,{THICKNESS},1,3000.00,1500.00,'St37-40',7.850,0.0
C
ENDE_SHEET_TECH
C
BEGIN_LTT_CALLS
C
ZA,MM,1
MM,AT,1,10,1,1,,'Tabellenidentifikator' ,,'',T
C
ZA,DA,1
DA,,'{TECH_TABLE}'
C
ENDE_LTT_CALLS
C
BEGIN_PROGRAMM
C
ZA,MM,7
MM,AT,1,10,1,1,,'Programmnummer' ,,'',T
MM,AT,1,20,1,1,,'Programmtyp' ,,'',T
MM,AT,1,30,1,1,,'Bemerkung' ,,'',T
MM,AT,1,40,1,1,,'Bearbeitungszeit' ,,'min',Z
MM,AT,1,50,1,1,,'Dateityp' ,,'',T
MM,AT,1,60,1,1,,'IncreasingRecordNumberFlag' ,,'Bool',Z
MM,AT,1,70,1,1,,'PartTypeIndex' ,,'',Z
C
ZA,DA,2
DA,'SP1{PROGRAM_NAME}','UP','',0.63,'LST',1,0

START_TEXT
N10 DEF REAL AF ; AF=ACTUAL FEED
N20 MSG("NUMER PODPROGRAMU,SP1{PROGRAM_NAME}")
N30 G91
N40 ; (NUMER DETALU:1)
N50 TC_POS_LEVEL(40.0)

; ===== TOOLPATH START =====
{TOOLPATH}
; ===== TOOLPATH END =====

N260 G90
N270 M17
N280 M02

STOP_TEXT

DA,'{PROGRAM_NAME}','HP','',1.28,'LST',1,0

START_TEXT
N10 DEF REAL AF ;AF=ACTUAL FEED
N20 MSG("NUMER PROGRAMU GŁÓWNEGO,{PROGRAM_NAME}")
N30 MSG("TRUTOPS LASER V17.04.00 B97 - TruLaser 3030 (L20) - SIEMENS")
N40 MSG("WYMIARY ARKUSZA BLACHY {THICKNESS} X 3000.00 X 1500.00 ")
N50 ;(DATA: {DATE})

N60 G71
N70 F141000
N80 TC_MICROJOINT("MIJO-1")
N90 TC_PCS_PIERCE

N100 ;(NAZWA ARKUSZA: {PROGRAM_PATH}{PROGRAM_NAME}.LST)
N110 ;(TRANSFERNAME: {PROGRAM_NAME}.LST PROGRAMME RUNS: 1)

N120 ;(MASZYNA L20 TYP: 1)
N130 ;(STEROWANIE: SIN 840D)

N140 TC_POS_LEVEL(40.0)
N150 TC_SHEET_TECH("SHT-1")
N160 TC_SHEET_LOAD("SHL-1")

N170 ;GOTOF ENTRY LASER
N180 ENTRY_LASER:

; ===== PART PLACEMENTS START =====
{PART_PLACEMENTS}
; ===== PART PLACEMENTS END =====

N290 TC_PART_END(-1)
N300 M30

STOP_TEXT
C
ENDE_PROGRAMM
C
ED